src/app/[locale]/dashboard/point-of-sale/page.tsx(342,31): error TS2345: Argument of type '(variant: ProductVariant) => void' is not assignable to parameter of type '((value: ProductVariant, index: number, array: ProductVariant[]) => void) & ((value: ProductVariantInput, index: number, array: ProductVariantInput[]) => void)'.
  Type '(variant: ProductVariant) => void' is not assignable to type '(value: ProductVariantInput, index: number, array: ProductVariantInput[]) => void'.
    Types of parameters 'variant' and 'value' are incompatible.
      Property 'productId' is missing in type 'ProductVariantInput' but required in type 'ProductVariant'.
src/app/[locale]/dashboard/point-of-sale/page.tsx(647,11): error TS2322: Type 'ProductVariantInput | ProductVariant' is not assignable to type 'ProductVariant | null'.
  Property 'productId' is missing in type 'ProductVariantInput' but required in type 'ProductVariant'.
src/app/[locale]/dashboard/point-of-sale/page.tsx(1240,6): error TS2741: Property 'title' is missing in type '{ children: Element[]; maxWidth: "full"; }' but required in type 'PageLayoutProps'.
src/app/[locale]/dashboard/point-of-sale/page.tsx(1563,82): error TS2551: Property 'image' does not exist on type 'Product'. Did you mean 'images'?
src/app/[locale]/dashboard/point-of-sale/page.tsx(1826,45): error TS2339: Property 'subtotal' does not exist on type '{ itemsSubtotal: number; saleDiscount: number; afterDiscount: number; tax: number; total: number; itemCount: number; }'.
src/app/[locale]/dashboard/point-of-sale/page.tsx(1828,37): error TS2339: Property 'discount' does not exist on type '{ itemsSubtotal: number; saleDiscount: number; afterDiscount: number; tax: number; total: number; itemCount: number; }'.
src/app/[locale]/dashboard/point-of-sale/page.tsx(1831,48): error TS2339: Property 'discount' does not exist on type '{ itemsSubtotal: number; saleDiscount: number; afterDiscount: number; tax: number; total: number; itemCount: number; }'.
